// Jest Snapshot v1, https://goo.gl/fbAQLP

exports[`Toast — 스냅샷 visible=true 스냅샷 1`] = `
<View
  collapsable={false}
  style={
    {
      "alignSelf": "center",
      "backgroundColor": "rgba(50,50,50,0.88)",
      "borderRadius": 24,
      "bottom": 100,
      "opacity": 0,
      "paddingHorizontal": 20,
      "paddingVertical": 12,
      "position": "absolute",
    }
  }
>
  <Text
    style={
      {
        "color": "#FFF",
        "fontSize": 14,
        "fontWeight": "500",
      }
    }
  >
    저장됐습니다
  </Text>
</View>
`;
